<html>
<body>
<pre>
<h1>猩ision Build Log</h1>
<h2>Tool Versions:</h2>
IDE-Version: μVision V5.28.0.0
Copyright (C) 2019 ARM Ltd and ARM Germany GmbH. All rights reserved.
License Information: lin wei yi, NSYSU, LIC=BPPFR-47RD0-U8MFG-8XXGW-5HIEK-FI8B2
 
Tool Versions:
Toolchain:       MDK-ARM Basic (256K)  Version: 5.28.0.0
Toolchain Path:  C:\Keil_v5\ARM\ARMCC\Bin
C Compiler:      Armcc.exe V5.06 update 6 (build 750)
Assembler:       Armasm.exe V5.06 update 6 (build 750)
Linker/Locator:  ArmLink.exe V5.06 update 6 (build 750)
Library Manager: ArmAr.exe V5.06 update 6 (build 750)
Hex Converter:   FromElf.exe V5.06 update 6 (build 750)
CPU DLL:         SARMCM3.DLL V5.28.0.0
Dialog DLL:      DCM.DLL V1.17.3.0
Target DLL:      NULink\Nu_Link.dll V3.00
Dialog DLL:      TCM.DLL V1.36.2.0
 
<h2>Project:</h2>
D:\01_Jeff\GraduateClass\電工實驗-四\上課版本\實驗一_基礎IO控制\lab_1_Student\lab_1.uvprojx
Project File Date:  02/18/2024

<h2>Output:</h2>
*** Using Compiler 'V5.06 update 6 (build 750)', folder: 'C:\Keil_v5\ARM\ARMCC\Bin'
Rebuild target 'Target 1'
assembling startup_M480.s...
compiling main.c...
compiling gpio.c...
compiling system_M480.c...
compiling retarget.c...
compiling clk.c...
linking...
Program Size: Code=1710 RO-data=574 RW-data=8 ZI-data=2400  
".\Objects\lab_1.axf" - 0 Error(s), 0 Warning(s).

<h2>Software Packages used:</h2>

Package Vendor: ARM
                http://www.keil.com/pack/ARM.CMSIS.5.9.0.pack
                ARM.CMSIS.5.9.0
                CMSIS (Common Microcontroller Software Interface Standard)
   * Component: CORE Version: 5.6.0

Package Vendor: Nuvoton
                https://github.com/OpenNuvoton/cmsis-packs/raw/master/Nuvoton_DFP/Nuvoton.NuMicro_DFP.1.3.23.pack
                Nuvoton.NuMicro_DFP.1.3.23
                Nuvoton ARM Cortex-M NuMicro Family Device Support
   * Component: Startup Version: 0.00.001

<h2>Collection of Component include folders:</h2>
  .\RTE\_Target_1
  C:\Users\user\AppData\Local\Arm\Packs\ARM\CMSIS\5.9.0\CMSIS\Core\Include
  C:\Users\user\AppData\Local\Arm\Packs\Nuvoton\NuMicro_DFP\1.3.23\Device\M480\Include
  C:\Users\user\AppData\Local\Arm\Packs\Nuvoton\NuMicro_DFP\1.3.23\Device\M480\StdDriver\inc

<h2>Collection of Component Files used:</h2>

   * Component: ARM::CMSIS:CORE:5.6.0

   * Component: Nuvoton::Device:Startup:0.00.001
      Source file:   Device\M480\Source\system_M480.c
      Source file:   Device\M480\StdDriver\src\retarget.c
      Include file:  Device\M480\Include\M480.h
      Source file:   Device\M480\Source\ARM\startup_M480.s
Build Time Elapsed:  00:00:02
</pre>
</body>
</html>
