------------------------------------------------------------
Timing Analyzer Summary
------------------------------------------------------------

Type  : Slow 1100mV 85C Model Setup 'clk'
Slack : -0.033
TNS   : -0.045

Type  : Slow 1100mV 85C Model Hold 'clk'
Slack : 0.327
TNS   : 0.000

Type  : Slow 1100mV 85C Model Minimum Pulse Width 'clk'
Slack : -0.394
TNS   : -1.557

Type  : Slow 1100mV 0C Model Setup 'clk'
Slack : -0.010
TNS   : -0.010

Type  : Slow 1100mV 0C Model Hold 'clk'
Slack : 0.306
TNS   : 0.000

Type  : Slow 1100mV 0C Model Minimum Pulse Width 'clk'
Slack : -0.394
TNS   : -1.719

Type  : Fast 1100mV 85C Model Setup 'clk'
Slack : 0.333
TNS   : 0.000

Type  : Fast 1100mV 85C Model Hold 'clk'
Slack : 0.190
TNS   : 0.000

Type  : Fast 1100mV 85C Model Minimum Pulse Width 'clk'
Slack : -0.086
TNS   : -0.256

Type  : Fast 1100mV 0C Model Setup 'clk'
Slack : 0.376
TNS   : 0.000

Type  : Fast 1100mV 0C Model Hold 'clk'
Slack : 0.169
TNS   : 0.000

Type  : Fast 1100mV 0C Model Minimum Pulse Width 'clk'
Slack : -0.085
TNS   : -0.255

------------------------------------------------------------
