Component: ARM Compiler 5.06 update 6 (build 750) Tool: armlink [4d35ed]

==============================================================================

Section Cross References

    main.o(i.main) refers to gpio.o(i.GPIO_SetMode) for GPIO_SetMode
    clk.o(i.CLK_DisableCKO) refers to clk.o(i.CLK_DisableModuleClock) for CLK_DisableModuleClock
    clk.o(i.CLK_EnableCKO) refers to clk.o(i.CLK_EnableModuleClock) for CLK_EnableModuleClock
    clk.o(i.CLK_EnableCKO) refers to clk.o(i.CLK_SetModuleClock) for CLK_SetModuleClock
    clk.o(i.CLK_EnablePLL) refers to clk.o(i.CLK_DisablePLL) for CLK_DisablePLL
    clk.o(i.CLK_EnablePLL) refers to clk.o(i.CLK_WaitClockReady) for CLK_WaitClockReady
    clk.o(i.CLK_EnablePLL) refers to clk.o(i.CLK_GetPLLClockFreq) for CLK_GetPLLClockFreq
    clk.o(i.CLK_GetCPUFreq) refers to system_m480.o(i.SystemCoreClockUpdate) for SystemCoreClockUpdate
    clk.o(i.CLK_GetCPUFreq) refers to system_m480.o(.data) for SystemCoreClock
    clk.o(i.CLK_GetHCLKFreq) refers to system_m480.o(i.SystemCoreClockUpdate) for SystemCoreClockUpdate
    clk.o(i.CLK_GetHCLKFreq) refers to system_m480.o(.data) for SystemCoreClock
    clk.o(i.CLK_GetModuleClockDivider) refers to clk.o(.constdata) for .constdata
    clk.o(i.CLK_GetModuleClockSource) refers to clk.o(.constdata) for .constdata
    clk.o(i.CLK_GetPCLK0Freq) refers to system_m480.o(i.SystemCoreClockUpdate) for SystemCoreClockUpdate
    clk.o(i.CLK_GetPCLK0Freq) refers to system_m480.o(.data) for SystemCoreClock
    clk.o(i.CLK_GetPCLK1Freq) refers to system_m480.o(i.SystemCoreClockUpdate) for SystemCoreClockUpdate
    clk.o(i.CLK_GetPCLK1Freq) refers to system_m480.o(.data) for SystemCoreClock
    clk.o(i.CLK_SetCoreClock) refers to clk.o(i.CLK_WaitClockReady) for CLK_WaitClockReady
    clk.o(i.CLK_SetCoreClock) refers to clk.o(i.CLK_EnablePLL) for CLK_EnablePLL
    clk.o(i.CLK_SetCoreClock) refers to clk.o(i.CLK_SetHCLK) for CLK_SetHCLK
    clk.o(i.CLK_SetHCLK) refers to clk.o(i.CLK_WaitClockReady) for CLK_WaitClockReady
    clk.o(i.CLK_SetHCLK) refers to system_m480.o(i.SystemCoreClockUpdate) for SystemCoreClockUpdate
    clk.o(i.CLK_SetPowerDownMode) refers to clk.o(i.CLK_WaitClockReady) for CLK_WaitClockReady
    retarget.o(.emb_text) refers to retarget.o(i.Hard_Fault_Handler) for Hard_Fault_Handler
    retarget.o(i.Hard_Fault_Handler) refers to noretval__2printf.o(.text) for __2printf
    retarget.o(i.Hard_Fault_Handler) refers to retarget.o(i.stackDump) for stackDump
    retarget.o(i.SendChar) refers to retarget.o(i.SendChar_ToUART) for SendChar_ToUART
    retarget.o(i._ttywrch) refers to retarget.o(i.SendChar) for SendChar
    retarget.o(i.fgetc) refers to retarget.o(i.GetChar) for GetChar
    retarget.o(i.fputc) refers to retarget.o(i.SendChar) for SendChar
    retarget.o(i.stackDump) refers to _printf_percent.o(.ARM.Collect$$_printf_percent$$00000000) for _printf_percent
    retarget.o(i.stackDump) refers to _printf_x.o(.ARM.Collect$$_printf_percent$$0000000C) for _printf_x
    retarget.o(i.stackDump) refers to _printf_hex_int.o(.text) for _printf_longlong_hex
    retarget.o(i.stackDump) refers to noretval__2printf.o(.text) for __2printf
    startup_m480.o(STACK) refers (Special) to heapauxi.o(.text) for __use_two_region_memory
    startup_m480.o(HEAP) refers (Special) to heapauxi.o(.text) for __use_two_region_memory
    startup_m480.o(RESET) refers (Special) to heapauxi.o(.text) for __use_two_region_memory
    startup_m480.o(RESET) refers to startup_m480.o(STACK) for __initial_sp
    startup_m480.o(RESET) refers to startup_m480.o(.text) for Reset_Handler
    startup_m480.o(RESET) refers to retarget.o(.emb_text) for HardFault_Handler
    startup_m480.o(.text) refers (Special) to heapauxi.o(.text) for __use_two_region_memory
    startup_m480.o(.text) refers to system_m480.o(i.SystemInit) for SystemInit
    startup_m480.o(.text) refers to __main.o(!!!main) for __main
    startup_m480.o(.text) refers to startup_m480.o(HEAP) for Heap_Mem
    startup_m480.o(.text) refers to startup_m480.o(STACK) for Stack_Mem
    system_m480.o(i.SystemCoreClockUpdate) refers to clk.o(i.CLK_GetPLLClockFreq) for CLK_GetPLLClockFreq
    system_m480.o(i.SystemCoreClockUpdate) refers to system_m480.o(.data) for PllClock
    __2printf.o(.text) refers to _printf_char_file.o(.text) for _printf_char_file
    __2printf.o(.text) refers to retarget.o(.data) for __stdout
    noretval__2printf.o(.text) refers to _printf_char_file.o(.text) for _printf_char_file
    noretval__2printf.o(.text) refers to retarget.o(.data) for __stdout
    __printf.o(.text) refers to _printf_percent.o(.ARM.Collect$$_printf_percent$$00000000) for _printf_percent
    _printf_hex_ll.o(.text) refers to _printf_intcommon.o(.text) for _printf_int_common
    _printf_hex_ll.o(.text) refers to _printf_hex_ll.o(.constdata) for .constdata
    _printf_hex_int.o(.text) refers to _printf_intcommon.o(.text) for _printf_int_common
    _printf_hex_int.o(.text) refers to _printf_hex_int.o(.constdata) for .constdata
    _printf_hex_int_ll.o(.text) refers to _printf_intcommon.o(.text) for _printf_int_common
    _printf_hex_int_ll.o(.text) refers to _printf_hex_int_ll.o(.constdata) for .constdata
    _printf_hex_ptr.o(.text) refers to _printf_intcommon.o(.text) for _printf_int_common
    _printf_hex_ptr.o(.text) refers to _printf_hex_ptr.o(.constdata) for .constdata
    _printf_hex_int_ptr.o(.text) refers to _printf_intcommon.o(.text) for _printf_int_common
    _printf_hex_int_ptr.o(.text) refers to _printf_hex_int_ptr.o(.constdata) for .constdata
    _printf_hex_ll_ptr.o(.text) refers to _printf_intcommon.o(.text) for _printf_int_common
    _printf_hex_ll_ptr.o(.text) refers to _printf_hex_ll_ptr.o(.constdata) for .constdata
    _printf_hex_int_ll_ptr.o(.text) refers to _printf_intcommon.o(.text) for _printf_int_common
    _printf_hex_int_ll_ptr.o(.text) refers to _printf_hex_int_ll_ptr.o(.constdata) for .constdata
    __printf_flags.o(.text) refers to _printf_percent.o(.ARM.Collect$$_printf_percent$$00000000) for _printf_percent
    __printf_flags.o(.text) refers to __printf_flags.o(.constdata) for .constdata
    __printf_ss.o(.text) refers to _printf_percent.o(.ARM.Collect$$_printf_percent$$00000000) for _printf_percent
    __printf_flags_ss.o(.text) refers to _printf_percent.o(.ARM.Collect$$_printf_percent$$00000000) for _printf_percent
    __printf_flags_ss.o(.text) refers to __printf_flags_ss.o(.constdata) for .constdata
    __printf_wp.o(.text) refers to __printf_wp.o(i._is_digit) for _is_digit
    __printf_wp.o(.text) refers to _printf_percent.o(.ARM.Collect$$_printf_percent$$00000000) for _printf_percent
    __printf_flags_wp.o(.text) refers to __printf_wp.o(i._is_digit) for _is_digit
    __printf_flags_wp.o(.text) refers to _printf_percent.o(.ARM.Collect$$_printf_percent$$00000000) for _printf_percent
    __printf_flags_wp.o(.text) refers to __printf_flags_wp.o(.constdata) for .constdata
    __printf_ss_wp.o(.text) refers to __printf_wp.o(i._is_digit) for _is_digit
    __printf_ss_wp.o(.text) refers to _printf_percent.o(.ARM.Collect$$_printf_percent$$00000000) for _printf_percent
    __printf_flags_ss_wp.o(.text) refers to __printf_wp.o(i._is_digit) for _is_digit
    __printf_flags_ss_wp.o(.text) refers to _printf_percent.o(.ARM.Collect$$_printf_percent$$00000000) for _printf_percent
    __printf_flags_ss_wp.o(.text) refers to __printf_flags_ss_wp.o(.constdata) for .constdata
    _printf_x.o(.ARM.Collect$$_printf_percent$$0000000C) refers (Weak) to _printf_hex_int.o(.text) for _printf_int_hex
    _printf_percent.o(.ARM.Collect$$_printf_percent$$00000000) refers (Special) to _printf_percent_end.o(.ARM.Collect$$_printf_percent$$00000017) for _printf_percent_end
    __main.o(!!!main) refers to __rtentry.o(.ARM.Collect$$rtentry$$00000000) for __rt_entry
    __rtentry.o(.ARM.Collect$$rtentry$$00000000) refers (Special) to __rtentry2.o(.ARM.Collect$$rtentry$$0000000A) for __rt_entry_li
    __rtentry.o(.ARM.Collect$$rtentry$$00000000) refers (Special) to __rtentry2.o(.ARM.Collect$$rtentry$$0000000D) for __rt_entry_main
    __rtentry.o(.ARM.Collect$$rtentry$$00000000) refers (Special) to __rtentry2.o(.ARM.Collect$$rtentry$$0000000C) for __rt_entry_postli_1
    __rtentry.o(.ARM.Collect$$rtentry$$00000000) refers (Special) to __rtentry2.o(.ARM.Collect$$rtentry$$00000009) for __rt_entry_postsh_1
    __rtentry.o(.ARM.Collect$$rtentry$$00000000) refers (Special) to __rtentry2.o(.ARM.Collect$$rtentry$$00000002) for __rt_entry_presh_1
    __rtentry.o(.ARM.Collect$$rtentry$$00000000) refers (Special) to __rtentry4.o(.ARM.Collect$$rtentry$$00000004) for __rt_entry_sh
    _printf_char_file.o(.text) refers to _printf_char_common.o(.text) for _printf_char_common
    _printf_char_file.o(.text) refers to retarget.o(i.ferror) for ferror
    _printf_char_file.o(.text) refers to retarget.o(i.fputc) for fputc
    __rtentry2.o(.ARM.Collect$$rtentry$$00000008) refers to boardinit2.o(.text) for _platform_post_stackheap_init
    __rtentry2.o(.ARM.Collect$$rtentry$$0000000A) refers to libinit.o(.ARM.Collect$$libinit$$00000000) for __rt_lib_init
    __rtentry2.o(.ARM.Collect$$rtentry$$0000000B) refers to boardinit3.o(.text) for _platform_post_lib_init
    __rtentry2.o(.ARM.Collect$$rtentry$$0000000D) refers to main.o(i.main) for main
    __rtentry2.o(.ARM.Collect$$rtentry$$0000000D) refers to exit.o(.text) for exit
    __rtentry2.o(.ARM.exidx) refers to __rtentry2.o(.ARM.Collect$$rtentry$$00000001) for .ARM.Collect$$rtentry$$00000001
    __rtentry2.o(.ARM.exidx) refers to __rtentry2.o(.ARM.Collect$$rtentry$$00000008) for .ARM.Collect$$rtentry$$00000008
    __rtentry2.o(.ARM.exidx) refers to __rtentry2.o(.ARM.Collect$$rtentry$$0000000A) for .ARM.Collect$$rtentry$$0000000A
    __rtentry2.o(.ARM.exidx) refers to __rtentry2.o(.ARM.Collect$$rtentry$$0000000B) for .ARM.Collect$$rtentry$$0000000B
    __rtentry2.o(.ARM.exidx) refers to __rtentry2.o(.ARM.Collect$$rtentry$$0000000D) for .ARM.Collect$$rtentry$$0000000D
    __rtentry4.o(.ARM.Collect$$rtentry$$00000004) refers to sys_stackheap_outer.o(.text) for __user_setup_stackheap
    __rtentry4.o(.ARM.exidx) refers to __rtentry4.o(.ARM.Collect$$rtentry$$00000004) for .ARM.Collect$$rtentry$$00000004
    _printf_char_common.o(.text) refers to __printf_wp.o(.text) for __printf
    sys_stackheap_outer.o(.text) refers to libspace.o(.text) for __user_perproc_libspace
    sys_stackheap_outer.o(.text) refers to startup_m480.o(.text) for __user_initial_stackheap
    exit.o(.text) refers to rtexit.o(.ARM.Collect$$rtexit$$00000000) for __rt_exit
    libinit.o(.ARM.Collect$$libinit$$00000000) refers (Special) to libinit2.o(.ARM.Collect$$libinit$$0000002E) for __rt_lib_init_alloca_1
    libinit.o(.ARM.Collect$$libinit$$00000000) refers (Special) to libinit2.o(.ARM.Collect$$libinit$$0000002C) for __rt_lib_init_argv_1
    libinit.o(.ARM.Collect$$libinit$$00000000) refers (Special) to libinit2.o(.ARM.Collect$$libinit$$0000001B) for __rt_lib_init_atexit_1
    libinit.o(.ARM.Collect$$libinit$$00000000) refers (Special) to libinit2.o(.ARM.Collect$$libinit$$00000021) for __rt_lib_init_clock_1
    libinit.o(.ARM.Collect$$libinit$$00000000) refers (Special) to libinit2.o(.ARM.Collect$$libinit$$00000032) for __rt_lib_init_cpp_1
    libinit.o(.ARM.Collect$$libinit$$00000000) refers (Special) to libinit2.o(.ARM.Collect$$libinit$$00000030) for __rt_lib_init_exceptions_1
    libinit.o(.ARM.Collect$$libinit$$00000000) refers (Special) to libinit2.o(.ARM.Collect$$libinit$$00000001) for __rt_lib_init_fp_1
    libinit.o(.ARM.Collect$$libinit$$00000000) refers (Special) to libinit2.o(.ARM.Collect$$libinit$$0000001F) for __rt_lib_init_fp_trap_1
    libinit.o(.ARM.Collect$$libinit$$00000000) refers (Special) to libinit2.o(.ARM.Collect$$libinit$$00000023) for __rt_lib_init_getenv_1
    libinit.o(.ARM.Collect$$libinit$$00000000) refers (Special) to libinit2.o(.ARM.Collect$$libinit$$0000000A) for __rt_lib_init_heap_1
    libinit.o(.ARM.Collect$$libinit$$00000000) refers (Special) to libinit2.o(.ARM.Collect$$libinit$$00000011) for __rt_lib_init_lc_collate_1
    libinit.o(.ARM.Collect$$libinit$$00000000) refers (Special) to libinit2.o(.ARM.Collect$$libinit$$00000013) for __rt_lib_init_lc_ctype_1
    libinit.o(.ARM.Collect$$libinit$$00000000) refers (Special) to libinit2.o(.ARM.Collect$$libinit$$00000015) for __rt_lib_init_lc_monetary_1
    libinit.o(.ARM.Collect$$libinit$$00000000) refers (Special) to libinit2.o(.ARM.Collect$$libinit$$00000017) for __rt_lib_init_lc_numeric_1
    libinit.o(.ARM.Collect$$libinit$$00000000) refers (Special) to libinit2.o(.ARM.Collect$$libinit$$00000019) for __rt_lib_init_lc_time_1
    libinit.o(.ARM.Collect$$libinit$$00000000) refers (Special) to libinit2.o(.ARM.Collect$$libinit$$00000004) for __rt_lib_init_preinit_1
    libinit.o(.ARM.Collect$$libinit$$00000000) refers (Special) to libinit2.o(.ARM.Collect$$libinit$$0000000E) for __rt_lib_init_rand_1
    libinit.o(.ARM.Collect$$libinit$$00000000) refers (Special) to libinit2.o(.ARM.Collect$$libinit$$00000033) for __rt_lib_init_return
    libinit.o(.ARM.Collect$$libinit$$00000000) refers (Special) to libinit2.o(.ARM.Collect$$libinit$$0000001D) for __rt_lib_init_signal_1
    libinit.o(.ARM.Collect$$libinit$$00000000) refers (Special) to libinit2.o(.ARM.Collect$$libinit$$00000025) for __rt_lib_init_stdio_1
    libinit.o(.ARM.Collect$$libinit$$00000000) refers (Special) to libinit2.o(.ARM.Collect$$libinit$$0000000C) for __rt_lib_init_user_alloc_1
    libspace.o(.text) refers to libspace.o(.bss) for __libspace_start
    rtexit.o(.ARM.Collect$$rtexit$$00000000) refers (Special) to rtexit2.o(.ARM.Collect$$rtexit$$00000004) for __rt_exit_exit
    rtexit.o(.ARM.Collect$$rtexit$$00000000) refers (Special) to rtexit2.o(.ARM.Collect$$rtexit$$00000003) for __rt_exit_ls
    rtexit.o(.ARM.Collect$$rtexit$$00000000) refers (Special) to rtexit2.o(.ARM.Collect$$rtexit$$00000002) for __rt_exit_prels_1
    rtexit.o(.ARM.exidx) refers (Special) to rtexit2.o(.ARM.Collect$$rtexit$$00000004) for __rt_exit_exit
    rtexit.o(.ARM.exidx) refers (Special) to rtexit2.o(.ARM.Collect$$rtexit$$00000003) for __rt_exit_ls
    rtexit.o(.ARM.exidx) refers (Special) to rtexit2.o(.ARM.Collect$$rtexit$$00000002) for __rt_exit_prels_1
    rtexit.o(.ARM.exidx) refers to rtexit.o(.ARM.Collect$$rtexit$$00000000) for .ARM.Collect$$rtexit$$00000000
    libinit2.o(.ARM.Collect$$libinit$$00000001) refers to fpinit.o(x$fpl$fpinit) for _fp_init
    libinit2.o(.ARM.Collect$$libinit$$00000010) refers to libinit2.o(.ARM.Collect$$libinit$$0000000F) for .ARM.Collect$$libinit$$0000000F
    libinit2.o(.ARM.Collect$$libinit$$00000012) refers to libinit2.o(.ARM.Collect$$libinit$$0000000F) for .ARM.Collect$$libinit$$0000000F
    libinit2.o(.ARM.Collect$$libinit$$00000014) refers to libinit2.o(.ARM.Collect$$libinit$$0000000F) for .ARM.Collect$$libinit$$0000000F
    libinit2.o(.ARM.Collect$$libinit$$00000016) refers to libinit2.o(.ARM.Collect$$libinit$$0000000F) for .ARM.Collect$$libinit$$0000000F
    libinit2.o(.ARM.Collect$$libinit$$00000018) refers to libinit2.o(.ARM.Collect$$libinit$$0000000F) for .ARM.Collect$$libinit$$0000000F
    libinit2.o(.ARM.Collect$$libinit$$00000026) refers to argv_veneer.o(.emb_text) for __ARM_argv_veneer
    libinit2.o(.ARM.Collect$$libinit$$00000027) refers to argv_veneer.o(.emb_text) for __ARM_argv_veneer
    rtexit2.o(.ARM.Collect$$rtexit$$00000003) refers to libshutdown.o(.ARM.Collect$$libshutdown$$00000000) for __rt_lib_shutdown
    rtexit2.o(.ARM.Collect$$rtexit$$00000004) refers to sys_exit.o(.text) for _sys_exit
    rtexit2.o(.ARM.exidx) refers to rtexit2.o(.ARM.Collect$$rtexit$$00000001) for .ARM.Collect$$rtexit$$00000001
    rtexit2.o(.ARM.exidx) refers to rtexit2.o(.ARM.Collect$$rtexit$$00000003) for .ARM.Collect$$rtexit$$00000003
    rtexit2.o(.ARM.exidx) refers to rtexit2.o(.ARM.Collect$$rtexit$$00000004) for .ARM.Collect$$rtexit$$00000004
    argv_veneer.o(.emb_text) refers to no_argv.o(.text) for __ARM_get_argv
    sys_exit.o(.text) refers (Special) to use_no_semi.o(.text) for __I$use$semihosting
    sys_exit.o(.text) refers (Special) to indicate_semi.o(.text) for __semihosting_library_function
    _get_argv_nomalloc.o(.text) refers (Special) to hrguard.o(.text) for __heap_region$guard
    _get_argv_nomalloc.o(.text) refers to defsig_rtmem_outer.o(.text) for __rt_SIGRTMEM
    _get_argv_nomalloc.o(.text) refers to sys_command.o(.text) for _sys_command_string
    libshutdown.o(.ARM.Collect$$libshutdown$$00000000) refers (Special) to libshutdown2.o(.ARM.Collect$$libshutdown$$00000002) for __rt_lib_shutdown_cpp_1
    libshutdown.o(.ARM.Collect$$libshutdown$$00000000) refers (Special) to libshutdown2.o(.ARM.Collect$$libshutdown$$00000007) for __rt_lib_shutdown_fp_trap_1
    libshutdown.o(.ARM.Collect$$libshutdown$$00000000) refers (Special) to libshutdown2.o(.ARM.Collect$$libshutdown$$0000000F) for __rt_lib_shutdown_heap_1
    libshutdown.o(.ARM.Collect$$libshutdown$$00000000) refers (Special) to libshutdown2.o(.ARM.Collect$$libshutdown$$00000010) for __rt_lib_shutdown_return
    libshutdown.o(.ARM.Collect$$libshutdown$$00000000) refers (Special) to libshutdown2.o(.ARM.Collect$$libshutdown$$0000000A) for __rt_lib_shutdown_signal_1
    libshutdown.o(.ARM.Collect$$libshutdown$$00000000) refers (Special) to libshutdown2.o(.ARM.Collect$$libshutdown$$00000004) for __rt_lib_shutdown_stdio_1
    libshutdown.o(.ARM.Collect$$libshutdown$$00000000) refers (Special) to libshutdown2.o(.ARM.Collect$$libshutdown$$0000000C) for __rt_lib_shutdown_user_alloc_1
    sys_command.o(.text) refers (Special) to use_no_semi.o(.text) for __I$use$semihosting
    sys_command.o(.text) refers (Special) to indicate_semi.o(.text) for __semihosting_library_function
    defsig_rtmem_outer.o(.text) refers to defsig_rtmem_inner.o(.text) for __rt_SIGRTMEM_inner
    defsig_rtmem_outer.o(.text) refers to defsig_exit.o(.text) for __sig_exit
    defsig_rtmem_formal.o(.text) refers to rt_raise.o(.text) for __rt_raise
    rt_raise.o(.text) refers to __raise.o(.text) for __raise
    rt_raise.o(.text) refers to sys_exit.o(.text) for _sys_exit
    defsig_exit.o(.text) refers to sys_exit.o(.text) for _sys_exit
    defsig_rtmem_inner.o(.text) refers to defsig_general.o(.text) for __default_signal_display
    __raise.o(.text) refers to defsig.o(CL$$defsig) for __default_signal_handler
    defsig_general.o(.text) refers to retarget.o(i._ttywrch) for _ttywrch
    defsig.o(CL$$defsig) refers to defsig_rtmem_inner.o(.text) for __rt_SIGRTMEM_inner
    defsig_abrt_inner.o(.text) refers to defsig_general.o(.text) for __default_signal_display
    defsig_fpe_inner.o(.text) refers to defsig_general.o(.text) for __default_signal_display
    defsig_rtred_inner.o(.text) refers to defsig_general.o(.text) for __default_signal_display
    defsig_stak_inner.o(.text) refers to defsig_general.o(.text) for __default_signal_display
    defsig_pvfn_inner.o(.text) refers to defsig_general.o(.text) for __default_signal_display
    defsig_cppl_inner.o(.text) refers to defsig_general.o(.text) for __default_signal_display
    defsig_segv_inner.o(.text) refers to defsig_general.o(.text) for __default_signal_display
    defsig_other.o(.text) refers to defsig_general.o(.text) for __default_signal_display


==============================================================================

Removing Unused input sections from the image.

    Removing main.o(.rev16_text), (4 bytes).
    Removing main.o(.revsh_text), (4 bytes).
    Removing main.o(.rrx_text), (6 bytes).
    Removing clk.o(.rev16_text), (4 bytes).
    Removing clk.o(.revsh_text), (4 bytes).
    Removing clk.o(.rrx_text), (6 bytes).
    Removing clk.o(i.CLK_DisableCKO), (16 bytes).
    Removing clk.o(i.CLK_DisableModuleClock), (40 bytes).
    Removing clk.o(i.CLK_DisablePLL), (24 bytes).
    Removing clk.o(i.CLK_DisableSysTick), (10 bytes).
    Removing clk.o(i.CLK_DisableXtalRC), (20 bytes).
    Removing clk.o(i.CLK_EnableCKO), (48 bytes).
    Removing clk.o(i.CLK_EnableDPDWKPin), (24 bytes).
    Removing clk.o(i.CLK_EnableModuleClock), (40 bytes).
    Removing clk.o(i.CLK_EnablePLL), (404 bytes).
    Removing clk.o(i.CLK_EnableSPDWKPin), (48 bytes).
    Removing clk.o(i.CLK_EnableSysTick), (72 bytes).
    Removing clk.o(i.CLK_EnableXtalRC), (20 bytes).
    Removing clk.o(i.CLK_GetCPUFreq), (16 bytes).
    Removing clk.o(i.CLK_GetHCLKFreq), (16 bytes).
    Removing clk.o(i.CLK_GetHXTFreq), (28 bytes).
    Removing clk.o(i.CLK_GetLXTFreq), (24 bytes).
    Removing clk.o(i.CLK_GetModuleClockDivider), (68 bytes).
    Removing clk.o(i.CLK_GetModuleClockSource), (152 bytes).
    Removing clk.o(i.CLK_GetPCLK0Freq), (120 bytes).
    Removing clk.o(i.CLK_GetPCLK1Freq), (120 bytes).
    Removing clk.o(i.CLK_GetPLLClockFreq), (116 bytes).
    Removing clk.o(i.CLK_GetPMUWKSrc), (12 bytes).
    Removing clk.o(i.CLK_Idle), (40 bytes).
    Removing clk.o(i.CLK_PowerDown), (40 bytes).
    Removing clk.o(i.CLK_SetCoreClock), (164 bytes).
    Removing clk.o(i.CLK_SetHCLK), (124 bytes).
    Removing clk.o(i.CLK_SetModuleClock), (112 bytes).
    Removing clk.o(i.CLK_SetPowerDownMode), (60 bytes).
    Removing clk.o(i.CLK_SetSysTickClockSrc), (24 bytes).
    Removing clk.o(i.CLK_WaitClockReady), (44 bytes).
    Removing clk.o(.constdata), (32 bytes).
    Removing gpio.o(.rev16_text), (4 bytes).
    Removing gpio.o(.revsh_text), (4 bytes).
    Removing gpio.o(.rrx_text), (6 bytes).
    Removing gpio.o(i.GPIO_DisableInt), (24 bytes).
    Removing gpio.o(i.GPIO_EnableInt), (40 bytes).
    Removing gpio.o(i.GPIO_SetPullCtl), (44 bytes).
    Removing gpio.o(i.GPIO_SetSlewCtl), (44 bytes).
    Removing retarget.o(.rev16_text), (4 bytes).
    Removing retarget.o(.revsh_text), (4 bytes).
    Removing retarget.o(.rrx_text), (6 bytes).
    Removing retarget.o(i.GetChar), (28 bytes).
    Removing retarget.o(i.IsDebugFifoEmpty), (16 bytes).
    Removing retarget.o(i._ttywrch), (12 bytes).
    Removing retarget.o(i.fgetc), (10 bytes).
    Removing retarget.o(i.kbhit), (16 bytes).
    Removing system_m480.o(.rev16_text), (4 bytes).
    Removing system_m480.o(.revsh_text), (4 bytes).
    Removing system_m480.o(.rrx_text), (6 bytes).
    Removing system_m480.o(i.SystemCoreClockUpdate), (100 bytes).
    Removing system_m480.o(.data), (44 bytes).

57 unused section(s) (total 2526 bytes) removed from the image.

==============================================================================

Image Symbol Table

    Local Symbols

    Symbol Name                              Value     Ov Type        Size  Object(Section)

    RESET                                    0x00000000   Section      500  startup_m480.o(RESET)
    ../clib/angel/boardlib.s                 0x00000000   Number         0  boardinit2.o ABSOLUTE
    ../clib/angel/boardlib.s                 0x00000000   Number         0  boardinit3.o ABSOLUTE
    ../clib/angel/boardlib.s                 0x00000000   Number         0  boardshut.o ABSOLUTE
    ../clib/angel/boardlib.s                 0x00000000   Number         0  boardinit1.o ABSOLUTE
    ../clib/angel/handlers.s                 0x00000000   Number         0  __scatter_copy.o ABSOLUTE
    ../clib/angel/handlers.s                 0x00000000   Number         0  __scatter_zi.o ABSOLUTE
    ../clib/angel/kernel.s                   0x00000000   Number         0  __rtentry4.o ABSOLUTE
    ../clib/angel/kernel.s                   0x00000000   Number         0  __rtentry.o ABSOLUTE
    ../clib/angel/kernel.s                   0x00000000   Number         0  __rtentry2.o ABSOLUTE
    ../clib/angel/kernel.s                   0x00000000   Number         0  rtexit2.o ABSOLUTE
    ../clib/angel/kernel.s                   0x00000000   Number         0  rtexit.o ABSOLUTE
    ../clib/angel/rt.s                       0x00000000   Number         0  rt_raise.o ABSOLUTE
    ../clib/angel/scatter.s                  0x00000000   Number         0  __scatter.o ABSOLUTE
    ../clib/angel/startup.s                  0x00000000   Number         0  __main.o ABSOLUTE
    ../clib/angel/sys.s                      0x00000000   Number         0  libspace.o ABSOLUTE
    ../clib/angel/sys.s                      0x00000000   Number         0  use_no_semi.o ABSOLUTE
    ../clib/angel/sys.s                      0x00000000   Number         0  sys_stackheap_outer.o ABSOLUTE
    ../clib/angel/sys.s                      0x00000000   Number         0  indicate_semi.o ABSOLUTE
    ../clib/angel/sysapp.c                   0x00000000   Number         0  sys_exit.o ABSOLUTE
    ../clib/angel/sysapp.c                   0x00000000   Number         0  sys_command.o ABSOLUTE
    ../clib/armsys.c                         0x00000000   Number         0  no_argv.o ABSOLUTE
    ../clib/armsys.c                         0x00000000   Number         0  _get_argv_nomalloc.o ABSOLUTE
    ../clib/armsys.c                         0x00000000   Number         0  argv_veneer.o ABSOLUTE
    ../clib/armsys.c                         0x00000000   Number         0  argv_veneer.o ABSOLUTE
    ../clib/heapalloc.c                      0x00000000   Number         0  hrguard.o ABSOLUTE
    ../clib/heapaux.c                        0x00000000   Number         0  heapauxi.o ABSOLUTE
    ../clib/libinit.s                        0x00000000   Number         0  libinit.o ABSOLUTE
    ../clib/libinit.s                        0x00000000   Number         0  libinit2.o ABSOLUTE
    ../clib/libinit.s                        0x00000000   Number         0  libshutdown.o ABSOLUTE
    ../clib/libinit.s                        0x00000000   Number         0  libshutdown2.o ABSOLUTE
    ../clib/misc.s                           0x00000000   Number         0  printf_stubs.o ABSOLUTE
    ../clib/printf.c                         0x00000000   Number         0  _printf_hex_int_ll_ptr.o ABSOLUTE
    ../clib/printf.c                         0x00000000   Number         0  __printf_flags.o ABSOLUTE
    ../clib/printf.c                         0x00000000   Number         0  __printf_ss.o ABSOLUTE
    ../clib/printf.c                         0x00000000   Number         0  __printf_flags_ss.o ABSOLUTE
    ../clib/printf.c                         0x00000000   Number         0  __printf_wp.o ABSOLUTE
    ../clib/printf.c                         0x00000000   Number         0  __printf_flags_wp.o ABSOLUTE
    ../clib/printf.c                         0x00000000   Number         0  __printf_ss_wp.o ABSOLUTE
    ../clib/printf.c                         0x00000000   Number         0  __printf_flags_ss_wp.o ABSOLUTE
    ../clib/printf.c                         0x00000000   Number         0  _printf_intcommon.o ABSOLUTE
    ../clib/printf.c                         0x00000000   Number         0  _printf_char_file.o ABSOLUTE
    ../clib/printf.c                         0x00000000   Number         0  _printf_char_common.o ABSOLUTE
    ../clib/printf.c                         0x00000000   Number         0  __printf_nopercent.o ABSOLUTE
    ../clib/printf.c                         0x00000000   Number         0  __2printf.o ABSOLUTE
    ../clib/printf.c                         0x00000000   Number         0  noretval__2printf.o ABSOLUTE
    ../clib/printf.c                         0x00000000   Number         0  __printf.o ABSOLUTE
    ../clib/printf.c                         0x00000000   Number         0  _printf_hex_ll.o ABSOLUTE
    ../clib/printf.c                         0x00000000   Number         0  _printf_hex_int.o ABSOLUTE
    ../clib/printf.c                         0x00000000   Number         0  _printf_hex_int_ll.o ABSOLUTE
    ../clib/printf.c                         0x00000000   Number         0  _printf_hex_ptr.o ABSOLUTE
    ../clib/printf.c                         0x00000000   Number         0  _printf_hex_int_ptr.o ABSOLUTE
    ../clib/printf.c                         0x00000000   Number         0  _printf_hex_ll_ptr.o ABSOLUTE
    ../clib/printf_percent.s                 0x00000000   Number         0  _printf_percent_end.o ABSOLUTE
    ../clib/printf_percent.s                 0x00000000   Number         0  _printf_x.o ABSOLUTE
    ../clib/printf_percent.s                 0x00000000   Number         0  _printf_percent.o ABSOLUTE
    ../clib/signal.c                         0x00000000   Number         0  defsig_segv_inner.o ABSOLUTE
    ../clib/signal.c                         0x00000000   Number         0  defsig_other.o ABSOLUTE
    ../clib/signal.c                         0x00000000   Number         0  defsig_general.o ABSOLUTE
    ../clib/signal.c                         0x00000000   Number         0  defsig_pvfn_inner.o ABSOLUTE
    ../clib/signal.c                         0x00000000   Number         0  defsig_rtmem_outer.o ABSOLUTE
    ../clib/signal.c                         0x00000000   Number         0  defsig_exit.o ABSOLUTE
    ../clib/signal.c                         0x00000000   Number         0  defsig_rtmem_inner.o ABSOLUTE
    ../clib/signal.c                         0x00000000   Number         0  __raise.o ABSOLUTE
    ../clib/signal.c                         0x00000000   Number         0  defsig_rtmem_formal.o ABSOLUTE
    ../clib/signal.c                         0x00000000   Number         0  defsig_abrt_inner.o ABSOLUTE
    ../clib/signal.c                         0x00000000   Number         0  defsig_fpe_inner.o ABSOLUTE
    ../clib/signal.c                         0x00000000   Number         0  defsig_rtred_inner.o ABSOLUTE
    ../clib/signal.c                         0x00000000   Number         0  defsig_stak_inner.o ABSOLUTE
    ../clib/signal.c                         0x00000000   Number         0  defsig_cppl_inner.o ABSOLUTE
    ../clib/signal.s                         0x00000000   Number         0  defsig.o ABSOLUTE
    ../clib/stdlib.c                         0x00000000   Number         0  exit.o ABSOLUTE
    ../fplib/fpinit.s                        0x00000000   Number         0  fpinit.o ABSOLUTE
    ..\..\..\lab_1\MPD_M480\M480_source\gpio.c 0x00000000   Number         0  gpio.o ABSOLUTE
    ..\\..\\..\\lab_1\\MPD_M480\\M480_source\\gpio.c 0x00000000   Number         0  gpio.o ABSOLUTE
    MPD_M480\M480_source\clk.c               0x00000000   Number         0  clk.o ABSOLUTE
    MPD_M480\\M480_source\\clk.c             0x00000000   Number         0  clk.o ABSOLUTE
    RTE\Device\M487JIDAE\retarget.c          0x00000000   Number         0  retarget.o ABSOLUTE
    RTE\Device\M487JIDAE\startup_M480.s      0x00000000   Number         0  startup_m480.o ABSOLUTE
    RTE\Device\M487JIDAE\system_M480.c       0x00000000   Number         0  system_m480.o ABSOLUTE
    RTE\\Device\\M487JIDAE\\retarget.c       0x00000000   Number         0  retarget.o ABSOLUTE
    RTE\\Device\\M487JIDAE\\system_M480.c    0x00000000   Number         0  system_m480.o ABSOLUTE
    dc.s                                     0x00000000   Number         0  dc.o ABSOLUTE
    main.c                                   0x00000000   Number         0  main.o ABSOLUTE
    main.c                                   0x00000000   Number         0  main.o ABSOLUTE
    !!!main                                  0x000001f4   Section        8  __main.o(!!!main)
    !!!scatter                               0x000001fc   Section       52  __scatter.o(!!!scatter)
    !!handler_copy                           0x00000230   Section       26  __scatter_copy.o(!!handler_copy)
    !!handler_zi                             0x0000024c   Section       28  __scatter_zi.o(!!handler_zi)
    .ARM.Collect$$_printf_percent$$00000000  0x00000268   Section        0  _printf_percent.o(.ARM.Collect$$_printf_percent$$00000000)
    .ARM.Collect$$_printf_percent$$0000000C  0x00000268   Section        6  _printf_x.o(.ARM.Collect$$_printf_percent$$0000000C)
    .ARM.Collect$$_printf_percent$$00000017  0x0000026e   Section        4  _printf_percent_end.o(.ARM.Collect$$_printf_percent$$00000017)
    .ARM.Collect$$libinit$$00000000          0x00000272   Section        2  libinit.o(.ARM.Collect$$libinit$$00000000)
    .ARM.Collect$$libinit$$00000001          0x00000274   Section        4  libinit2.o(.ARM.Collect$$libinit$$00000001)
    .ARM.Collect$$libinit$$00000004          0x00000278   Section        0  libinit2.o(.ARM.Collect$$libinit$$00000004)
    .ARM.Collect$$libinit$$0000000A          0x00000278   Section        0  libinit2.o(.ARM.Collect$$libinit$$0000000A)
    .ARM.Collect$$libinit$$0000000C          0x00000278   Section        0  libinit2.o(.ARM.Collect$$libinit$$0000000C)
    .ARM.Collect$$libinit$$0000000E          0x00000278   Section        0  libinit2.o(.ARM.Collect$$libinit$$0000000E)
    .ARM.Collect$$libinit$$00000011          0x00000278   Section        0  libinit2.o(.ARM.Collect$$libinit$$00000011)
    .ARM.Collect$$libinit$$00000013          0x00000278   Section        0  libinit2.o(.ARM.Collect$$libinit$$00000013)
    .ARM.Collect$$libinit$$00000015          0x00000278   Section        0  libinit2.o(.ARM.Collect$$libinit$$00000015)
    .ARM.Collect$$libinit$$00000017          0x00000278   Section        0  libinit2.o(.ARM.Collect$$libinit$$00000017)
    .ARM.Collect$$libinit$$00000019          0x00000278   Section        0  libinit2.o(.ARM.Collect$$libinit$$00000019)
    .ARM.Collect$$libinit$$0000001B          0x00000278   Section        0  libinit2.o(.ARM.Collect$$libinit$$0000001B)
    .ARM.Collect$$libinit$$0000001D          0x00000278   Section        0  libinit2.o(.ARM.Collect$$libinit$$0000001D)
    .ARM.Collect$$libinit$$0000001F          0x00000278   Section        0  libinit2.o(.ARM.Collect$$libinit$$0000001F)
    .ARM.Collect$$libinit$$00000021          0x00000278   Section        0  libinit2.o(.ARM.Collect$$libinit$$00000021)
    .ARM.Collect$$libinit$$00000023          0x00000278   Section        0  libinit2.o(.ARM.Collect$$libinit$$00000023)
    .ARM.Collect$$libinit$$00000025          0x00000278   Section        0  libinit2.o(.ARM.Collect$$libinit$$00000025)
    .ARM.Collect$$libinit$$0000002C          0x00000278   Section        0  libinit2.o(.ARM.Collect$$libinit$$0000002C)
    .ARM.Collect$$libinit$$0000002E          0x00000278   Section        0  libinit2.o(.ARM.Collect$$libinit$$0000002E)
    .ARM.Collect$$libinit$$00000030          0x00000278   Section        0  libinit2.o(.ARM.Collect$$libinit$$00000030)
    .ARM.Collect$$libinit$$00000032          0x00000278   Section        0  libinit2.o(.ARM.Collect$$libinit$$00000032)
    .ARM.Collect$$libinit$$00000033          0x00000278   Section        2  libinit2.o(.ARM.Collect$$libinit$$00000033)
    .ARM.Collect$$libshutdown$$00000000      0x0000027a   Section        2  libshutdown.o(.ARM.Collect$$libshutdown$$00000000)
    .ARM.Collect$$libshutdown$$00000002      0x0000027c   Section        0  libshutdown2.o(.ARM.Collect$$libshutdown$$00000002)
    .ARM.Collect$$libshutdown$$00000004      0x0000027c   Section        0  libshutdown2.o(.ARM.Collect$$libshutdown$$00000004)
    .ARM.Collect$$libshutdown$$00000007      0x0000027c   Section        0  libshutdown2.o(.ARM.Collect$$libshutdown$$00000007)
    .ARM.Collect$$libshutdown$$0000000A      0x0000027c   Section        0  libshutdown2.o(.ARM.Collect$$libshutdown$$0000000A)
    .ARM.Collect$$libshutdown$$0000000C      0x0000027c   Section        0  libshutdown2.o(.ARM.Collect$$libshutdown$$0000000C)
    .ARM.Collect$$libshutdown$$0000000F      0x0000027c   Section        0  libshutdown2.o(.ARM.Collect$$libshutdown$$0000000F)
    .ARM.Collect$$libshutdown$$00000010      0x0000027c   Section        2  libshutdown2.o(.ARM.Collect$$libshutdown$$00000010)
    .ARM.Collect$$rtentry$$00000000          0x0000027e   Section        0  __rtentry.o(.ARM.Collect$$rtentry$$00000000)
    .ARM.Collect$$rtentry$$00000002          0x0000027e   Section        0  __rtentry2.o(.ARM.Collect$$rtentry$$00000002)
    .ARM.Collect$$rtentry$$00000004          0x0000027e   Section        6  __rtentry4.o(.ARM.Collect$$rtentry$$00000004)
    .ARM.Collect$$rtentry$$00000009          0x00000284   Section        0  __rtentry2.o(.ARM.Collect$$rtentry$$00000009)
    .ARM.Collect$$rtentry$$0000000A          0x00000284   Section        4  __rtentry2.o(.ARM.Collect$$rtentry$$0000000A)
    .ARM.Collect$$rtentry$$0000000C          0x00000288   Section        0  __rtentry2.o(.ARM.Collect$$rtentry$$0000000C)
    .ARM.Collect$$rtentry$$0000000D          0x00000288   Section        8  __rtentry2.o(.ARM.Collect$$rtentry$$0000000D)
    .ARM.Collect$$rtexit$$00000000           0x00000290   Section        2  rtexit.o(.ARM.Collect$$rtexit$$00000000)
    .ARM.Collect$$rtexit$$00000002           0x00000292   Section        0  rtexit2.o(.ARM.Collect$$rtexit$$00000002)
    .ARM.Collect$$rtexit$$00000003           0x00000292   Section        4  rtexit2.o(.ARM.Collect$$rtexit$$00000003)
    .ARM.Collect$$rtexit$$00000004           0x00000296   Section        6  rtexit2.o(.ARM.Collect$$rtexit$$00000004)
    .emb_text                                0x0000029c   Section       28  retarget.o(.emb_text)
    $v0                                      0x0000029c   Number         0  retarget.o(.emb_text)
    .text                                    0x000002b8   Section      132  startup_m480.o(.text)
    $v0                                      0x000002b8   Number         0  startup_m480.o(.text)
    Default_Handler                          0x0000030b   Thumb Code     2  startup_m480.o(.text)
    .text                                    0x0000033c   Section        0  noretval__2printf.o(.text)
    .text                                    0x00000354   Section        0  _printf_hex_int.o(.text)
    .text                                    0x000003ac   Section        0  __printf_wp.o(.text)
    .text                                    0x000004ba   Section        0  heapauxi.o(.text)
    .text                                    0x000004c0   Section        0  _printf_intcommon.o(.text)
    .text                                    0x00000574   Section        0  _printf_char_file.o(.text)
    .text                                    0x00000598   Section        0  _printf_char_common.o(.text)
    _printf_input_char                       0x00000599   Thumb Code    10  _printf_char_common.o(.text)
    .text                                    0x000005c8   Section       74  sys_stackheap_outer.o(.text)
    .text                                    0x00000612   Section        0  exit.o(.text)
    .text                                    0x00000624   Section        8  libspace.o(.text)
    .text                                    0x0000062c   Section        0  sys_exit.o(.text)
    .text                                    0x00000638   Section        2  use_no_semi.o(.text)
    .text                                    0x0000063a   Section        0  indicate_semi.o(.text)
    i.GPIO_SetMode                           0x0000063a   Section        0  gpio.o(i.GPIO_SetMode)
    i.Hard_Fault_Handler                     0x0000066c   Section        0  retarget.o(i.Hard_Fault_Handler)
    __tagsym$$used                           0x0000066d   Number         0  retarget.o(i.Hard_Fault_Handler)
    i.SendChar                               0x00000698   Section        0  retarget.o(i.SendChar)
    SendChar                                 0x00000699   Thumb Code    12  retarget.o(i.SendChar)
    i.SendChar_ToUART                        0x000006a4   Section        0  retarget.o(i.SendChar_ToUART)
    SendChar_ToUART                          0x000006a5   Thumb Code    44  retarget.o(i.SendChar_ToUART)
    i.SystemInit                             0x000006d4   Section        0  system_m480.o(i.SystemInit)
    i._is_digit                              0x00000768   Section        0  __printf_wp.o(i._is_digit)
    i.ferror                                 0x00000776   Section        0  retarget.o(i.ferror)
    i.fputc                                  0x0000077e   Section        0  retarget.o(i.fputc)
    i.main                                   0x00000790   Section        0  main.o(i.main)
    i.stackDump                              0x000007f0   Section        0  retarget.o(i.stackDump)
    stackDump                                0x000007f1   Thumb Code    70  retarget.o(i.stackDump)
    x$fpl$fpinit                             0x00000898   Section       10  fpinit.o(x$fpl$fpinit)
    $v0                                      0x00000898   Number         0  fpinit.o(x$fpl$fpinit)
    .constdata                               0x000008a2   Section       40  _printf_hex_int.o(.constdata)
    uc_hextab                                0x000008a2   Data          20  _printf_hex_int.o(.constdata)
    lc_hextab                                0x000008b6   Data          20  _printf_hex_int.o(.constdata)
    .data                                    0x20000000   Section        8  retarget.o(.data)
    .bss                                     0x20000008   Section       96  libspace.o(.bss)
    HEAP                                     0x20000068   Section      256  startup_m480.o(HEAP)
    Heap_Mem                                 0x20000068   Data         256  startup_m480.o(HEAP)
    STACK                                    0x20000168   Section     2048  startup_m480.o(STACK)
    Stack_Mem                                0x20000168   Data        2048  startup_m480.o(STACK)
    __initial_sp                             0x20000968   Data           0  startup_m480.o(STACK)

    Global Symbols

    Symbol Name                              Value     Ov Type        Size  Object(Section)

    BuildAttributes$$THM_ISAv4$E$P$D$K$B$S$7EM$VFPi3$EXTD16$VFPS$VFMA$PE$A:L22UL41UL21$X:L11$S22US41US21$IEEE1$IW$USESV6$~STKCKD$USESV7$~SHL$OSPACE$ROPI$EBA8$UX$STANDARDLIB$REQ8$PRES8$EABIv2 0x00000000   Number         0  anon$$obj.o ABSOLUTE
    __ARM_use_no_argv                        0x00000000   Number         0  main.o ABSOLUTE
    __Vectors                                0x00000000   Data           4  startup_m480.o(RESET)
    _printf_flags                            0x00000000   Number         0  printf_stubs.o ABSOLUTE
    _printf_return_value                     0x00000000   Number         0  printf_stubs.o ABSOLUTE
    _printf_sizespec                         0x00000000   Number         0  printf_stubs.o ABSOLUTE
    _printf_widthprec                        0x00000000   Number         0  printf_stubs.o ABSOLUTE
    __ARM_exceptions_init                     - Undefined Weak Reference
    __alloca_initialize                       - Undefined Weak Reference
    __arm_preinit_                            - Undefined Weak Reference
    __cpp_initialize__aeabi_                  - Undefined Weak Reference
    __cxa_finalize                            - Undefined Weak Reference
    __rt_locale                               - Undefined Weak Reference
    __sigvec_lookup                           - Undefined Weak Reference
    _atexit_init                              - Undefined Weak Reference
    _call_atexit_fns                          - Undefined Weak Reference
    _clock_init                               - Undefined Weak Reference
    _fp_trap_init                             - Undefined Weak Reference
    _fp_trap_shutdown                         - Undefined Weak Reference
    _get_lc_collate                           - Undefined Weak Reference
    _get_lc_ctype                             - Undefined Weak Reference
    _get_lc_monetary                          - Undefined Weak Reference
    _get_lc_numeric                           - Undefined Weak Reference
    _get_lc_time                              - Undefined Weak Reference
    _getenv_init                              - Undefined Weak Reference
    _handle_redirection                       - Undefined Weak Reference
    _init_alloc                               - Undefined Weak Reference
    _init_user_alloc                          - Undefined Weak Reference
    _initio                                   - Undefined Weak Reference
    _printf_post_padding                      - Undefined Weak Reference
    _printf_pre_padding                       - Undefined Weak Reference
    _printf_truncate_unsigned                 - Undefined Weak Reference
    _rand_init                                - Undefined Weak Reference
    _signal_finish                            - Undefined Weak Reference
    _signal_init                              - Undefined Weak Reference
    _terminate_alloc                          - Undefined Weak Reference
    _terminate_user_alloc                     - Undefined Weak Reference
    _terminateio                              - Undefined Weak Reference
    __Vectors_End                            0x000001f4   Data           0  startup_m480.o(RESET)
    __Vectors_Size                           0x000001f4   Number         0  startup_m480.o ABSOLUTE
    __main                                   0x000001f5   Thumb Code     8  __main.o(!!!main)
    __scatterload                            0x000001fd   Thumb Code     0  __scatter.o(!!!scatter)
    __scatterload_rt2                        0x000001fd   Thumb Code    44  __scatter.o(!!!scatter)
    __scatterload_rt2_thumb_only             0x000001fd   Thumb Code     0  __scatter.o(!!!scatter)
    __scatterload_null                       0x0000020b   Thumb Code     0  __scatter.o(!!!scatter)
    __scatterload_copy                       0x00000231   Thumb Code    26  __scatter_copy.o(!!handler_copy)
    __scatterload_zeroinit                   0x0000024d   Thumb Code    28  __scatter_zi.o(!!handler_zi)
    _printf_percent                          0x00000269   Thumb Code     0  _printf_percent.o(.ARM.Collect$$_printf_percent$$00000000)
    _printf_x                                0x00000269   Thumb Code     0  _printf_x.o(.ARM.Collect$$_printf_percent$$0000000C)
    _printf_percent_end                      0x0000026f   Thumb Code     0  _printf_percent_end.o(.ARM.Collect$$_printf_percent$$00000017)
    __rt_lib_init                            0x00000273   Thumb Code     0  libinit.o(.ARM.Collect$$libinit$$00000000)
    __rt_lib_init_fp_1                       0x00000275   Thumb Code     0  libinit2.o(.ARM.Collect$$libinit$$00000001)
    __rt_lib_init_alloca_1                   0x00000279   Thumb Code     0  libinit2.o(.ARM.Collect$$libinit$$0000002E)
    __rt_lib_init_argv_1                     0x00000279   Thumb Code     0  libinit2.o(.ARM.Collect$$libinit$$0000002C)
    __rt_lib_init_atexit_1                   0x00000279   Thumb Code     0  libinit2.o(.ARM.Collect$$libinit$$0000001B)
    __rt_lib_init_clock_1                    0x00000279   Thumb Code     0  libinit2.o(.ARM.Collect$$libinit$$00000021)
    __rt_lib_init_cpp_1                      0x00000279   Thumb Code     0  libinit2.o(.ARM.Collect$$libinit$$00000032)
    __rt_lib_init_exceptions_1               0x00000279   Thumb Code     0  libinit2.o(.ARM.Collect$$libinit$$00000030)
    __rt_lib_init_fp_trap_1                  0x00000279   Thumb Code     0  libinit2.o(.ARM.Collect$$libinit$$0000001F)
    __rt_lib_init_getenv_1                   0x00000279   Thumb Code     0  libinit2.o(.ARM.Collect$$libinit$$00000023)
    __rt_lib_init_heap_1                     0x00000279   Thumb Code     0  libinit2.o(.ARM.Collect$$libinit$$0000000A)
    __rt_lib_init_lc_collate_1               0x00000279   Thumb Code     0  libinit2.o(.ARM.Collect$$libinit$$00000011)
    __rt_lib_init_lc_ctype_1                 0x00000279   Thumb Code     0  libinit2.o(.ARM.Collect$$libinit$$00000013)
    __rt_lib_init_lc_monetary_1              0x00000279   Thumb Code     0  libinit2.o(.ARM.Collect$$libinit$$00000015)
    __rt_lib_init_lc_numeric_1               0x00000279   Thumb Code     0  libinit2.o(.ARM.Collect$$libinit$$00000017)
    __rt_lib_init_lc_time_1                  0x00000279   Thumb Code     0  libinit2.o(.ARM.Collect$$libinit$$00000019)
    __rt_lib_init_preinit_1                  0x00000279   Thumb Code     0  libinit2.o(.ARM.Collect$$libinit$$00000004)
    __rt_lib_init_rand_1                     0x00000279   Thumb Code     0  libinit2.o(.ARM.Collect$$libinit$$0000000E)
    __rt_lib_init_return                     0x00000279   Thumb Code     0  libinit2.o(.ARM.Collect$$libinit$$00000033)
    __rt_lib_init_signal_1                   0x00000279   Thumb Code     0  libinit2.o(.ARM.Collect$$libinit$$0000001D)
    __rt_lib_init_stdio_1                    0x00000279   Thumb Code     0  libinit2.o(.ARM.Collect$$libinit$$00000025)
    __rt_lib_init_user_alloc_1               0x00000279   Thumb Code     0  libinit2.o(.ARM.Collect$$libinit$$0000000C)
    __rt_lib_shutdown                        0x0000027b   Thumb Code     0  libshutdown.o(.ARM.Collect$$libshutdown$$00000000)
    __rt_lib_shutdown_cpp_1                  0x0000027d   Thumb Code     0  libshutdown2.o(.ARM.Collect$$libshutdown$$00000002)
    __rt_lib_shutdown_fp_trap_1              0x0000027d   Thumb Code     0  libshutdown2.o(.ARM.Collect$$libshutdown$$00000007)
    __rt_lib_shutdown_heap_1                 0x0000027d   Thumb Code     0  libshutdown2.o(.ARM.Collect$$libshutdown$$0000000F)
    __rt_lib_shutdown_return                 0x0000027d   Thumb Code     0  libshutdown2.o(.ARM.Collect$$libshutdown$$00000010)
    __rt_lib_shutdown_signal_1               0x0000027d   Thumb Code     0  libshutdown2.o(.ARM.Collect$$libshutdown$$0000000A)
    __rt_lib_shutdown_stdio_1                0x0000027d   Thumb Code     0  libshutdown2.o(.ARM.Collect$$libshutdown$$00000004)
    __rt_lib_shutdown_user_alloc_1           0x0000027d   Thumb Code     0  libshutdown2.o(.ARM.Collect$$libshutdown$$0000000C)
    __rt_entry                               0x0000027f   Thumb Code     0  __rtentry.o(.ARM.Collect$$rtentry$$00000000)
    __rt_entry_presh_1                       0x0000027f   Thumb Code     0  __rtentry2.o(.ARM.Collect$$rtentry$$00000002)
    __rt_entry_sh                            0x0000027f   Thumb Code     0  __rtentry4.o(.ARM.Collect$$rtentry$$00000004)
    __rt_entry_li                            0x00000285   Thumb Code     0  __rtentry2.o(.ARM.Collect$$rtentry$$0000000A)
    __rt_entry_postsh_1                      0x00000285   Thumb Code     0  __rtentry2.o(.ARM.Collect$$rtentry$$00000009)
    __rt_entry_main                          0x00000289   Thumb Code     0  __rtentry2.o(.ARM.Collect$$rtentry$$0000000D)
    __rt_entry_postli_1                      0x00000289   Thumb Code     0  __rtentry2.o(.ARM.Collect$$rtentry$$0000000C)
    __rt_exit                                0x00000291   Thumb Code     0  rtexit.o(.ARM.Collect$$rtexit$$00000000)
    __rt_exit_ls                             0x00000293   Thumb Code     0  rtexit2.o(.ARM.Collect$$rtexit$$00000003)
    __rt_exit_prels_1                        0x00000293   Thumb Code     0  rtexit2.o(.ARM.Collect$$rtexit$$00000002)
    __rt_exit_exit                           0x00000297   Thumb Code     0  rtexit2.o(.ARM.Collect$$rtexit$$00000004)
    HardFault_Handler                        0x0000029d   Thumb Code    24  retarget.o(.emb_text)
    Reset_Handler                            0x000002b9   Thumb Code    64  startup_m480.o(.text)
    NMI_Handler                              0x000002f9   Thumb Code     2  startup_m480.o(.text)
    MemManage_Handler                        0x000002fd   Thumb Code     2  startup_m480.o(.text)
    BusFault_Handler                         0x000002ff   Thumb Code     2  startup_m480.o(.text)
    UsageFault_Handler                       0x00000301   Thumb Code     2  startup_m480.o(.text)
    SVC_Handler                              0x00000303   Thumb Code     2  startup_m480.o(.text)
    DebugMon_Handler                         0x00000305   Thumb Code     2  startup_m480.o(.text)
    PendSV_Handler                           0x00000307   Thumb Code     2  startup_m480.o(.text)
    SysTick_Handler                          0x00000309   Thumb Code     2  startup_m480.o(.text)
    ACMP01_IRQHandler                        0x0000030b   Thumb Code     0  startup_m480.o(.text)
    BOD_IRQHandler                           0x0000030b   Thumb Code     0  startup_m480.o(.text)
    BPWM0_IRQHandler                         0x0000030b   Thumb Code     0  startup_m480.o(.text)
    BPWM1_IRQHandler                         0x0000030b   Thumb Code     0  startup_m480.o(.text)
    BRAKE0_IRQHandler                        0x0000030b   Thumb Code     0  startup_m480.o(.text)
    BRAKE1_IRQHandler                        0x0000030b   Thumb Code     0  startup_m480.o(.text)
    CAN0_IRQHandler                          0x0000030b   Thumb Code     0  startup_m480.o(.text)
    CAN1_IRQHandler                          0x0000030b   Thumb Code     0  startup_m480.o(.text)
    CAN2_IRQHandler                          0x0000030b   Thumb Code     0  startup_m480.o(.text)
    CCAP_IRQHandler                          0x0000030b   Thumb Code     0  startup_m480.o(.text)
    CKFAIL_IRQHandler                        0x0000030b   Thumb Code     0  startup_m480.o(.text)
    CRYPTO_IRQHandler                        0x0000030b   Thumb Code     0  startup_m480.o(.text)
    DAC_IRQHandler                           0x0000030b   Thumb Code     0  startup_m480.o(.text)
    EADC00_IRQHandler                        0x0000030b   Thumb Code     0  startup_m480.o(.text)
    EADC01_IRQHandler                        0x0000030b   Thumb Code     0  startup_m480.o(.text)
    EADC02_IRQHandler                        0x0000030b   Thumb Code     0  startup_m480.o(.text)
    EADC03_IRQHandler                        0x0000030b   Thumb Code     0  startup_m480.o(.text)
    EADC10_IRQHandler                        0x0000030b   Thumb Code     0  startup_m480.o(.text)
    EADC11_IRQHandler                        0x0000030b   Thumb Code     0  startup_m480.o(.text)
    EADC12_IRQHandler                        0x0000030b   Thumb Code     0  startup_m480.o(.text)
    EADC13_IRQHandler                        0x0000030b   Thumb Code     0  startup_m480.o(.text)
    ECAP0_IRQHandler                         0x0000030b   Thumb Code     0  startup_m480.o(.text)
    ECAP1_IRQHandler                         0x0000030b   Thumb Code     0  startup_m480.o(.text)
    EHCI_IRQHandler                          0x0000030b   Thumb Code     0  startup_m480.o(.text)
    EINT0_IRQHandler                         0x0000030b   Thumb Code     0  startup_m480.o(.text)
    EINT1_IRQHandler                         0x0000030b   Thumb Code     0  startup_m480.o(.text)
    EINT2_IRQHandler                         0x0000030b   Thumb Code     0  startup_m480.o(.text)
    EINT3_IRQHandler                         0x0000030b   Thumb Code     0  startup_m480.o(.text)
    EINT4_IRQHandler                         0x0000030b   Thumb Code     0  startup_m480.o(.text)
    EINT5_IRQHandler                         0x0000030b   Thumb Code     0  startup_m480.o(.text)
    EINT6_IRQHandler                         0x0000030b   Thumb Code     0  startup_m480.o(.text)
    EINT7_IRQHandler                         0x0000030b   Thumb Code     0  startup_m480.o(.text)
    EMAC_RX_IRQHandler                       0x0000030b   Thumb Code     0  startup_m480.o(.text)
    EMAC_TX_IRQHandler                       0x0000030b   Thumb Code     0  startup_m480.o(.text)
    EPWM0P0_IRQHandler                       0x0000030b   Thumb Code     0  startup_m480.o(.text)
    EPWM0P1_IRQHandler                       0x0000030b   Thumb Code     0  startup_m480.o(.text)
    EPWM0P2_IRQHandler                       0x0000030b   Thumb Code     0  startup_m480.o(.text)
    EPWM1P0_IRQHandler                       0x0000030b   Thumb Code     0  startup_m480.o(.text)
    EPWM1P1_IRQHandler                       0x0000030b   Thumb Code     0  startup_m480.o(.text)
    EPWM1P2_IRQHandler                       0x0000030b   Thumb Code     0  startup_m480.o(.text)
    GPA_IRQHandler                           0x0000030b   Thumb Code     0  startup_m480.o(.text)
    GPB_IRQHandler                           0x0000030b   Thumb Code     0  startup_m480.o(.text)
    GPC_IRQHandler                           0x0000030b   Thumb Code     0  startup_m480.o(.text)
    GPD_IRQHandler                           0x0000030b   Thumb Code     0  startup_m480.o(.text)
    GPE_IRQHandler                           0x0000030b   Thumb Code     0  startup_m480.o(.text)
    GPF_IRQHandler                           0x0000030b   Thumb Code     0  startup_m480.o(.text)
    GPG_IRQHandler                           0x0000030b   Thumb Code     0  startup_m480.o(.text)
    GPH_IRQHandler                           0x0000030b   Thumb Code     0  startup_m480.o(.text)
    I2C0_IRQHandler                          0x0000030b   Thumb Code     0  startup_m480.o(.text)
    I2C1_IRQHandler                          0x0000030b   Thumb Code     0  startup_m480.o(.text)
    I2C2_IRQHandler                          0x0000030b   Thumb Code     0  startup_m480.o(.text)
    I2S0_IRQHandler                          0x0000030b   Thumb Code     0  startup_m480.o(.text)
    IRC_IRQHandler                           0x0000030b   Thumb Code     0  startup_m480.o(.text)
    OHCI_IRQHandler                          0x0000030b   Thumb Code     0  startup_m480.o(.text)
    OPA0_IRQHandler                          0x0000030b   Thumb Code     0  startup_m480.o(.text)
    PDMA_IRQHandler                          0x0000030b   Thumb Code     0  startup_m480.o(.text)
    PWRWU_IRQHandler                         0x0000030b   Thumb Code     0  startup_m480.o(.text)
    QEI0_IRQHandler                          0x0000030b   Thumb Code     0  startup_m480.o(.text)
    QEI1_IRQHandler                          0x0000030b   Thumb Code     0  startup_m480.o(.text)
    QSPI0_IRQHandler                         0x0000030b   Thumb Code     0  startup_m480.o(.text)
    QSPI1_IRQHandler                         0x0000030b   Thumb Code     0  startup_m480.o(.text)
    RAMPE_IRQHandler                         0x0000030b   Thumb Code     0  startup_m480.o(.text)
    RTC_IRQHandler                           0x0000030b   Thumb Code     0  startup_m480.o(.text)
    SC0_IRQHandler                           0x0000030b   Thumb Code     0  startup_m480.o(.text)
    SC1_IRQHandler                           0x0000030b   Thumb Code     0  startup_m480.o(.text)
    SC2_IRQHandler                           0x0000030b   Thumb Code     0  startup_m480.o(.text)
    SDH0_IRQHandler                          0x0000030b   Thumb Code     0  startup_m480.o(.text)
    SDH1_IRQHandler                          0x0000030b   Thumb Code     0  startup_m480.o(.text)
    SPI0_IRQHandler                          0x0000030b   Thumb Code     0  startup_m480.o(.text)
    SPI1_IRQHandler                          0x0000030b   Thumb Code     0  startup_m480.o(.text)
    SPI2_IRQHandler                          0x0000030b   Thumb Code     0  startup_m480.o(.text)
    SPI3_IRQHandler                          0x0000030b   Thumb Code     0  startup_m480.o(.text)
    SPIM_IRQHandler                          0x0000030b   Thumb Code     0  startup_m480.o(.text)
    TAMPER_IRQHandler                        0x0000030b   Thumb Code     0  startup_m480.o(.text)
    TMR0_IRQHandler                          0x0000030b   Thumb Code     0  startup_m480.o(.text)
    TMR1_IRQHandler                          0x0000030b   Thumb Code     0  startup_m480.o(.text)
    TMR2_IRQHandler                          0x0000030b   Thumb Code     0  startup_m480.o(.text)
    TMR3_IRQHandler                          0x0000030b   Thumb Code     0  startup_m480.o(.text)
    TRNG_IRQHandler                          0x0000030b   Thumb Code     0  startup_m480.o(.text)
    UART0_IRQHandler                         0x0000030b   Thumb Code     0  startup_m480.o(.text)
    UART1_IRQHandler                         0x0000030b   Thumb Code     0  startup_m480.o(.text)
    UART2_IRQHandler                         0x0000030b   Thumb Code     0  startup_m480.o(.text)
    UART3_IRQHandler                         0x0000030b   Thumb Code     0  startup_m480.o(.text)
    UART4_IRQHandler                         0x0000030b   Thumb Code     0  startup_m480.o(.text)
    UART5_IRQHandler                         0x0000030b   Thumb Code     0  startup_m480.o(.text)
    UART6_IRQHandler                         0x0000030b   Thumb Code     0  startup_m480.o(.text)
    UART7_IRQHandler                         0x0000030b   Thumb Code     0  startup_m480.o(.text)
    USBD20_IRQHandler                        0x0000030b   Thumb Code     0  startup_m480.o(.text)
    USBD_IRQHandler                          0x0000030b   Thumb Code     0  startup_m480.o(.text)
    USBOTG20_IRQHandler                      0x0000030b   Thumb Code     0  startup_m480.o(.text)
    USBOTG_IRQHandler                        0x0000030b   Thumb Code     0  startup_m480.o(.text)
    USCI0_IRQHandler                         0x0000030b   Thumb Code     0  startup_m480.o(.text)
    USCI1_IRQHandler                         0x0000030b   Thumb Code     0  startup_m480.o(.text)
    WDT_IRQHandler                           0x0000030b   Thumb Code     0  startup_m480.o(.text)
    WWDT_IRQHandler                          0x0000030b   Thumb Code     0  startup_m480.o(.text)
    __user_initial_stackheap                 0x0000030d   Thumb Code    10  startup_m480.o(.text)
    __2printf                                0x0000033d   Thumb Code    20  noretval__2printf.o(.text)
    _printf_int_hex                          0x00000355   Thumb Code    84  _printf_hex_int.o(.text)
    _printf_longlong_hex                     0x00000355   Thumb Code     0  _printf_hex_int.o(.text)
    __printf                                 0x000003ad   Thumb Code   270  __printf_wp.o(.text)
    __use_two_region_memory                  0x000004bb   Thumb Code     2  heapauxi.o(.text)
    __rt_heap_escrow$2region                 0x000004bd   Thumb Code     2  heapauxi.o(.text)
    __rt_heap_expand$2region                 0x000004bf   Thumb Code     2  heapauxi.o(.text)
    _printf_int_common                       0x000004c1   Thumb Code   178  _printf_intcommon.o(.text)
    _printf_char_file                        0x00000575   Thumb Code    32  _printf_char_file.o(.text)
    _printf_char_common                      0x000005a3   Thumb Code    32  _printf_char_common.o(.text)
    __user_setup_stackheap                   0x000005c9   Thumb Code    74  sys_stackheap_outer.o(.text)
    exit                                     0x00000613   Thumb Code    18  exit.o(.text)
    __user_libspace                          0x00000625   Thumb Code     8  libspace.o(.text)
    __user_perproc_libspace                  0x00000625   Thumb Code     0  libspace.o(.text)
    __user_perthread_libspace                0x00000625   Thumb Code     0  libspace.o(.text)
    _sys_exit                                0x0000062d   Thumb Code     8  sys_exit.o(.text)
    __I$use$semihosting                      0x00000639   Thumb Code     0  use_no_semi.o(.text)
    __use_no_semihosting_swi                 0x00000639   Thumb Code     2  use_no_semi.o(.text)
    GPIO_SetMode                             0x0000063b   Thumb Code    50  gpio.o(i.GPIO_SetMode)
    __semihosting_library_function           0x0000063b   Thumb Code     0  indicate_semi.o(.text)
    Hard_Fault_Handler                       0x0000066d   Thumb Code    18  retarget.o(i.Hard_Fault_Handler)
    SystemInit                               0x000006d5   Thumb Code   130  system_m480.o(i.SystemInit)
    _is_digit                                0x00000769   Thumb Code    14  __printf_wp.o(i._is_digit)
    ferror                                   0x00000777   Thumb Code     8  retarget.o(i.ferror)
    fputc                                    0x0000077f   Thumb Code    16  retarget.o(i.fputc)
    main                                     0x00000791   Thumb Code    84  main.o(i.main)
    _fp_init                                 0x00000899   Thumb Code    10  fpinit.o(x$fpl$fpinit)
    __fplib_config_fpu_vfp                   0x000008a1   Thumb Code     0  fpinit.o(x$fpl$fpinit)
    __fplib_config_pureend_doubles           0x000008a1   Thumb Code     0  fpinit.o(x$fpl$fpinit)
    Region$$Table$$Base                      0x000008cc   Number         0  anon$$obj.o(Region$$Table)
    Region$$Table$$Limit                     0x000008ec   Number         0  anon$$obj.o(Region$$Table)
    __stdout                                 0x20000000   Data           4  retarget.o(.data)
    __stdin                                  0x20000004   Data           4  retarget.o(.data)
    __libspace_start                         0x20000008   Data          96  libspace.o(.bss)
    __temporary_stack_top$libspace           0x20000068   Data           0  libspace.o(.bss)



==============================================================================

Memory Map of the image

  Image Entry point : 0x000001f5

  Load Region LR_IROM1 (Base: 0x00000000, Size: 0x000008f4, Max: 0x00080000, ABSOLUTE)

    Execution Region ER_IROM1 (Exec base: 0x00000000, Load base: 0x00000000, Size: 0x000008ec, Max: 0x00080000, ABSOLUTE)

    Exec Addr    Load Addr    Size         Type   Attr      Idx    E Section Name        Object

    0x00000000   0x00000000   0x000001f4   Data   RO          672    RESET               startup_m480.o
    0x000001f4   0x000001f4   0x00000008   Code   RO          770  * !!!main             c_w.l(__main.o)
    0x000001fc   0x000001fc   0x00000034   Code   RO          934    !!!scatter          c_w.l(__scatter.o)
    0x00000230   0x00000230   0x0000001a   Code   RO          936    !!handler_copy      c_w.l(__scatter_copy.o)
    0x0000024a   0x0000024a   0x00000002   PAD
    0x0000024c   0x0000024c   0x0000001c   Code   RO          938    !!handler_zi        c_w.l(__scatter_zi.o)
    0x00000268   0x00000268   0x00000000   Code   RO          767    .ARM.Collect$$_printf_percent$$00000000  c_w.l(_printf_percent.o)
    0x00000268   0x00000268   0x00000006   Code   RO          766    .ARM.Collect$$_printf_percent$$0000000C  c_w.l(_printf_x.o)
    0x0000026e   0x0000026e   0x00000004   Code   RO          777    .ARM.Collect$$_printf_percent$$00000017  c_w.l(_printf_percent_end.o)
    0x00000272   0x00000272   0x00000002   Code   RO          806    .ARM.Collect$$libinit$$00000000  c_w.l(libinit.o)
    0x00000274   0x00000274   0x00000004   Code   RO          812    .ARM.Collect$$libinit$$00000001  c_w.l(libinit2.o)
    0x00000278   0x00000278   0x00000000   Code   RO          815    .ARM.Collect$$libinit$$00000004  c_w.l(libinit2.o)
    0x00000278   0x00000278   0x00000000   Code   RO          818    .ARM.Collect$$libinit$$0000000A  c_w.l(libinit2.o)
    0x00000278   0x00000278   0x00000000   Code   RO          820    .ARM.Collect$$libinit$$0000000C  c_w.l(libinit2.o)
    0x00000278   0x00000278   0x00000000   Code   RO          822    .ARM.Collect$$libinit$$0000000E  c_w.l(libinit2.o)
    0x00000278   0x00000278   0x00000000   Code   RO          825    .ARM.Collect$$libinit$$00000011  c_w.l(libinit2.o)
    0x00000278   0x00000278   0x00000000   Code   RO          827    .ARM.Collect$$libinit$$00000013  c_w.l(libinit2.o)
    0x00000278   0x00000278   0x00000000   Code   RO          829    .ARM.Collect$$libinit$$00000015  c_w.l(libinit2.o)
    0x00000278   0x00000278   0x00000000   Code   RO          831    .ARM.Collect$$libinit$$00000017  c_w.l(libinit2.o)
    0x00000278   0x00000278   0x00000000   Code   RO          833    .ARM.Collect$$libinit$$00000019  c_w.l(libinit2.o)
    0x00000278   0x00000278   0x00000000   Code   RO          835    .ARM.Collect$$libinit$$0000001B  c_w.l(libinit2.o)
    0x00000278   0x00000278   0x00000000   Code   RO          837    .ARM.Collect$$libinit$$0000001D  c_w.l(libinit2.o)
    0x00000278   0x00000278   0x00000000   Code   RO          839    .ARM.Collect$$libinit$$0000001F  c_w.l(libinit2.o)
    0x00000278   0x00000278   0x00000000   Code   RO          841    .ARM.Collect$$libinit$$00000021  c_w.l(libinit2.o)
    0x00000278   0x00000278   0x00000000   Code   RO          843    .ARM.Collect$$libinit$$00000023  c_w.l(libinit2.o)
    0x00000278   0x00000278   0x00000000   Code   RO          845    .ARM.Collect$$libinit$$00000025  c_w.l(libinit2.o)
    0x00000278   0x00000278   0x00000000   Code   RO          849    .ARM.Collect$$libinit$$0000002C  c_w.l(libinit2.o)
    0x00000278   0x00000278   0x00000000   Code   RO          851    .ARM.Collect$$libinit$$0000002E  c_w.l(libinit2.o)
    0x00000278   0x00000278   0x00000000   Code   RO          853    .ARM.Collect$$libinit$$00000030  c_w.l(libinit2.o)
    0x00000278   0x00000278   0x00000000   Code   RO          855    .ARM.Collect$$libinit$$00000032  c_w.l(libinit2.o)
    0x00000278   0x00000278   0x00000002   Code   RO          856    .ARM.Collect$$libinit$$00000033  c_w.l(libinit2.o)
    0x0000027a   0x0000027a   0x00000002   Code   RO          876    .ARM.Collect$$libshutdown$$00000000  c_w.l(libshutdown.o)
    0x0000027c   0x0000027c   0x00000000   Code   RO          889    .ARM.Collect$$libshutdown$$00000002  c_w.l(libshutdown2.o)
    0x0000027c   0x0000027c   0x00000000   Code   RO          891    .ARM.Collect$$libshutdown$$00000004  c_w.l(libshutdown2.o)
    0x0000027c   0x0000027c   0x00000000   Code   RO          894    .ARM.Collect$$libshutdown$$00000007  c_w.l(libshutdown2.o)
    0x0000027c   0x0000027c   0x00000000   Code   RO          897    .ARM.Collect$$libshutdown$$0000000A  c_w.l(libshutdown2.o)
    0x0000027c   0x0000027c   0x00000000   Code   RO          899    .ARM.Collect$$libshutdown$$0000000C  c_w.l(libshutdown2.o)
    0x0000027c   0x0000027c   0x00000000   Code   RO          902    .ARM.Collect$$libshutdown$$0000000F  c_w.l(libshutdown2.o)
    0x0000027c   0x0000027c   0x00000002   Code   RO          903    .ARM.Collect$$libshutdown$$00000010  c_w.l(libshutdown2.o)
    0x0000027e   0x0000027e   0x00000000   Code   RO          772    .ARM.Collect$$rtentry$$00000000  c_w.l(__rtentry.o)
    0x0000027e   0x0000027e   0x00000000   Code   RO          779    .ARM.Collect$$rtentry$$00000002  c_w.l(__rtentry2.o)
    0x0000027e   0x0000027e   0x00000006   Code   RO          791    .ARM.Collect$$rtentry$$00000004  c_w.l(__rtentry4.o)
    0x00000284   0x00000284   0x00000000   Code   RO          781    .ARM.Collect$$rtentry$$00000009  c_w.l(__rtentry2.o)
    0x00000284   0x00000284   0x00000004   Code   RO          782    .ARM.Collect$$rtentry$$0000000A  c_w.l(__rtentry2.o)
    0x00000288   0x00000288   0x00000000   Code   RO          784    .ARM.Collect$$rtentry$$0000000C  c_w.l(__rtentry2.o)
    0x00000288   0x00000288   0x00000008   Code   RO          785    .ARM.Collect$$rtentry$$0000000D  c_w.l(__rtentry2.o)
    0x00000290   0x00000290   0x00000002   Code   RO          810    .ARM.Collect$$rtexit$$00000000  c_w.l(rtexit.o)
    0x00000292   0x00000292   0x00000000   Code   RO          858    .ARM.Collect$$rtexit$$00000002  c_w.l(rtexit2.o)
    0x00000292   0x00000292   0x00000004   Code   RO          859    .ARM.Collect$$rtexit$$00000003  c_w.l(rtexit2.o)
    0x00000296   0x00000296   0x00000006   Code   RO          860    .ARM.Collect$$rtexit$$00000004  c_w.l(rtexit2.o)
    0x0000029c   0x0000029c   0x0000001c   Code   RO          575    .emb_text           retarget.o
    0x000002b8   0x000002b8   0x00000084   Code   RO          673    .text               startup_m480.o
    0x0000033c   0x0000033c   0x00000018   Code   RO          721    .text               c_w.l(noretval__2printf.o)
    0x00000354   0x00000354   0x00000058   Code   RO          728    .text               c_w.l(_printf_hex_int.o)
    0x000003ac   0x000003ac   0x0000010e   Code   RO          754    .text               c_w.l(__printf_wp.o)
    0x000004ba   0x000004ba   0x00000006   Code   RO          768    .text               c_w.l(heapauxi.o)
    0x000004c0   0x000004c0   0x000000b2   Code   RO          773    .text               c_w.l(_printf_intcommon.o)
    0x00000572   0x00000572   0x00000002   PAD
    0x00000574   0x00000574   0x00000024   Code   RO          775    .text               c_w.l(_printf_char_file.o)
    0x00000598   0x00000598   0x00000030   Code   RO          793    .text               c_w.l(_printf_char_common.o)
    0x000005c8   0x000005c8   0x0000004a   Code   RO          795    .text               c_w.l(sys_stackheap_outer.o)
    0x00000612   0x00000612   0x00000012   Code   RO          799    .text               c_w.l(exit.o)
    0x00000624   0x00000624   0x00000008   Code   RO          807    .text               c_w.l(libspace.o)
    0x0000062c   0x0000062c   0x0000000c   Code   RO          868    .text               c_w.l(sys_exit.o)
    0x00000638   0x00000638   0x00000002   Code   RO          879    .text               c_w.l(use_no_semi.o)
    0x0000063a   0x0000063a   0x00000000   Code   RO          881    .text               c_w.l(indicate_semi.o)
    0x0000063a   0x0000063a   0x00000032   Code   RO          525    i.GPIO_SetMode      gpio.o
    0x0000066c   0x0000066c   0x0000002c   Code   RO          577    i.Hard_Fault_Handler  retarget.o
    0x00000698   0x00000698   0x0000000c   Code   RO          579    i.SendChar          retarget.o
    0x000006a4   0x000006a4   0x00000030   Code   RO          580    i.SendChar_ToUART   retarget.o
    0x000006d4   0x000006d4   0x00000094   Code   RO          681    i.SystemInit        system_m480.o
    0x00000768   0x00000768   0x0000000e   Code   RO          756    i._is_digit         c_w.l(__printf_wp.o)
    0x00000776   0x00000776   0x00000008   Code   RO          582    i.ferror            retarget.o
    0x0000077e   0x0000077e   0x00000010   Code   RO          584    i.fputc             retarget.o
    0x0000078e   0x0000078e   0x00000002   PAD
    0x00000790   0x00000790   0x00000060   Code   RO            4    i.main              main.o
    0x000007f0   0x000007f0   0x000000a8   Code   RO          586    i.stackDump         retarget.o
    0x00000898   0x00000898   0x0000000a   Code   RO          866    x$fpl$fpinit        fz_wm.l(fpinit.o)
    0x000008a2   0x000008a2   0x00000028   Data   RO          729    .constdata          c_w.l(_printf_hex_int.o)
    0x000008ca   0x000008ca   0x00000002   PAD
    0x000008cc   0x000008cc   0x00000020   Data   RO          932    Region$$Table       anon$$obj.o


    Execution Region RW_IRAM1 (Exec base: 0x20000000, Load base: 0x000008ec, Size: 0x00000968, Max: 0x00028000, ABSOLUTE)

    Exec Addr    Load Addr    Size         Type   Attr      Idx    E Section Name        Object

    0x20000000   0x000008ec   0x00000008   Data   RW          587    .data               retarget.o
    0x20000008        -       0x00000060   Zero   RW          808    .bss                c_w.l(libspace.o)
    0x20000068        -       0x00000100   Zero   RW          671    HEAP                startup_m480.o
    0x20000168        -       0x00000800   Zero   RW          670    STACK               startup_m480.o


==============================================================================

Image component sizes


      Code (inc. data)   RO Data    RW Data    ZI Data      Debug   Object Name

        50          0          0          0          0       1287   gpio.o
        96         12          0          0          0      24343   main.o
       324        132          0          8          0       6144   retarget.o
       132         38        500          0       2304        948   startup_m480.o
       148         18          0          0          0       1137   system_m480.o

    ----------------------------------------------------------------------
       752        200        532          8       2304      33859   Object Totals
         0          0         32          0          0          0   (incl. Generated)
         2          0          0          0          0          0   (incl. Padding)

    ----------------------------------------------------------------------

      Code (inc. data)   RO Data    RW Data    ZI Data      Debug   Library Member Name

         8          0          0          0          0         68   __main.o
       284          0          0          0          0        156   __printf_wp.o
         0          0          0          0          0          0   __rtentry.o
        12          0          0          0          0          0   __rtentry2.o
         6          0          0          0          0          0   __rtentry4.o
        52          8          0          0          0          0   __scatter.o
        26          0          0          0          0          0   __scatter_copy.o
        28          0          0          0          0          0   __scatter_zi.o
        48          6          0          0          0         96   _printf_char_common.o
        36          4          0          0          0         80   _printf_char_file.o
        88          4         40          0          0         88   _printf_hex_int.o
       178          0          0          0          0         88   _printf_intcommon.o
         0          0          0          0          0          0   _printf_percent.o
         4          0          0          0          0          0   _printf_percent_end.o
         6          0          0          0          0          0   _printf_x.o
        18          0          0          0          0         80   exit.o
         6          0          0          0          0        152   heapauxi.o
         0          0          0          0          0          0   indicate_semi.o
         2          0          0          0          0          0   libinit.o
         6          0          0          0          0          0   libinit2.o
         2          0          0          0          0          0   libshutdown.o
         2          0          0          0          0          0   libshutdown2.o
         8          4          0          0         96         68   libspace.o
        24          4          0          0          0         84   noretval__2printf.o
         2          0          0          0          0          0   rtexit.o
        10          0          0          0          0          0   rtexit2.o
        12          4          0          0          0         68   sys_exit.o
        74          0          0          0          0         80   sys_stackheap_outer.o
         2          0          0          0          0         68   use_no_semi.o
        10          0          0          0          0        116   fpinit.o

    ----------------------------------------------------------------------
       958         34         42          0         96       1292   Library Totals
         4          0          2          0          0          0   (incl. Padding)

    ----------------------------------------------------------------------

      Code (inc. data)   RO Data    RW Data    ZI Data      Debug   Library Name

       944         34         40          0         96       1176   c_w.l
        10          0          0          0          0        116   fz_wm.l

    ----------------------------------------------------------------------
       958         34         42          0         96       1292   Library Totals

    ----------------------------------------------------------------------

==============================================================================


      Code (inc. data)   RO Data    RW Data    ZI Data      Debug   

      1710        234        574          8       2400      33931   Grand Totals
      1710        234        574          8       2400      33931   ELF Image Totals
      1710        234        574          8          0          0   ROM Totals

==============================================================================

    Total RO  Size (Code + RO Data)                 2284 (   2.23kB)
    Total RW  Size (RW Data + ZI Data)              2408 (   2.35kB)
    Total ROM Size (Code + RO Data + RW Data)       2292 (   2.24kB)

==============================================================================

