------------------------------------------------------------
Timing Analyzer Summary
------------------------------------------------------------

Type  : Slow 1100mV 85C Model Setup 'clk'
Slack : -0.129
TNS   : -0.222

Type  : Slow 1100mV 85C Model Hold 'clk'
Slack : 0.232
TNS   : 0.000

Type  : Slow 1100mV 85C Model Minimum Pulse Width 'clk'
Slack : -0.394
TNS   : -2.610

Type  : Slow 1100mV 0C Model Setup 'clk'
Slack : -0.145
TNS   : -0.205

Type  : Slow 1100mV 0C Model Hold 'clk'
Slack : 0.214
TNS   : 0.000

Type  : Slow 1100mV 0C Model Minimum Pulse Width 'clk'
Slack : -0.394
TNS   : -2.853

Type  : Fast 1100mV 85C Model Setup 'clk'
Slack : 0.289
TNS   : 0.000

Type  : Fast 1100mV 85C Model Hold 'clk'
Slack : 0.141
TNS   : 0.000

Type  : Fast 1100mV 85C Model Minimum Pulse Width 'clk'
Slack : -0.087
TNS   : -0.433

Type  : Fast 1100mV 0C Model Setup 'clk'
Slack : 0.338
TNS   : 0.000

Type  : Fast 1100mV 0C Model Hold 'clk'
Slack : 0.127
TNS   : 0.000

Type  : Fast 1100mV 0C Model Minimum Pulse Width 'clk'
Slack : -0.085
TNS   : -0.421

------------------------------------------------------------
